Loading weights:   0%|          | 0/103 [00:00<?, ?it/s]Loading weights: 100%|##########| 103/103 [00:00<00:00, 29988.43it/s]
[1mBertForSequenceClassification LOAD REPORT[0m from: nreimers/MiniLM-L6-H384-uncased
Key                     | Status     | 
------------------------+------------+-
embeddings.position_ids | UNEXPECTED | 
classifier.bias         | MISSING    | 
classifier.weight       | MISSING    | 

[3mNotes:
- UNEXPECTED[3m	:can be ignored when loading from different task/architecture; not ok if you expect identical arch.
- MISSING[3m	:those params were newly initialized because missing from the checkpoint. Consider training on your downstream task.[0m
Result: <All keys matched successfully>
Weight norm: 1.0005606412887573
